esse eh meu arquivo

Usei um $ echo "esse é meu arquivo" >> arq1.txt 
para gerar a frase inicial e  colocar um conteúdo dentro do arq1.txt. Esse arquivo eu criei com um simples $ touch arq1.txt

Depois, para confirmar o que fiz,  dei  um 

$cat arq1.txt

Para ver o que o echo gerou dentro do arquivo e tudo que tiver dentro dele.

Antes disso eu setei meu usuário no git usando o seguinte comando:

$ git config --global user.name "Colombiano"
$ git config --global user.email "lpcolombiano@gmail.com"

E depois criei uma pasta, na área de trabalho, chamada "curso_git". Foi nela que criei o arq1.txt, via touch.

Em seguida, para transformar esse diretório em um repositório git, bastaria eu fazer:

$ git init

Estando dentro da pasta.

Toda vez que eu quiser ver o status do meu repositório, basta eu fazer um:

$ git status

Neste caso eu veria algo assim:

# On branch master
#
# Initial commit
#
# Untracked files:
#   (use "git add <file>..." to include in what will be committed)
#
#   arq1.txt
nothing added to commit but untracked files present (use "git add" to track)

Com isso eu percebo que meus arquivos, que no caso é um só, não encontra-se rastreado/ monitorado. Cada arquivo no git possui o chamado ciclo de vida do seu status. 

Para colocar esse arquivo como monitorado/rastreado, basta fazer:

$ git add arq1.txt


Isso irá criar algo assim:


# On branch master
#
# Initial commit
#
# Changes to be committed:
#   (use "git rm --cached <file>..." to unstage)
#
#   new file:   arq1.txt


Esse arquivo foi rastreado mas não foi gravado/commitado (dado um commit)

Fazemos isso com um:

$ git commit - m "comentários das aulas"

O -m significa mensagem

Após o comando, ficaríamos assim:


[master (root-commit) 7cd4606] comentarios das aulas
 1 file changed, 46 insertions(+)
  create mode 100644 arq1.txt


Assim, toda vez que eu queria atualizar o arquivo, com o que foi alterado, basta eu fazer o add seguido do commit.


$ git add arq1.txt
$ git commit -m "inserido mais um comentario em relação as aulas"
[master 8c0060d] inserido mais um comentario em relação as aulas
 1 file changed, 28 insertions(+)

Para ver todas as alterações já feitas neste repositório, bastaria eu fazer:

$ git log

Que teria essa saída:


commit 6c8ea10153d9929c387562a24c7064061ceea53e
Author: lpcolombiano@gmail.com <lpcolombiano@gmail.com>
Date:   Sat Jun 3 12:03:14 2017 -0300

    inserido um novo comentario em relação as aulas. Como add e commitar um arqu

    commit 8c0060d7277cf5b7f3c6bb3ca8d36f9d7afacdf6
    Author: lpcolombiano@gmail.com <lpcolombiano@gmail.com>
    Date:   Sat Jun 3 11:58:11 2017 -0300

        inserido mais um comentario em relação as aulas

        commit 7cd46063429aede459ae622b61734a64cabbefbd
        Author: lpcolombiano@gmail.com <lpcolombiano@gmail.com>
        Date:   Sat Jun 3 11:53:44 2017 -0300

            comentarios das aulas


Vemos que somente um usuário fez um commit. Mostra-se também a data, etc.
